// Jest Snapshot v1, https://goo.gl/fbAQLP

exports[`PlayersTable tests should match the snapshot 1`] = `
ShallowWrapper {
  Symbol(enzyme.__root__): [Circular],
  Symbol(enzyme.__unrendered__): <PlayersTable
    data={
      Array [
        Object {
          "contractUntil": "2022-06-30",
          "dateOfBirth": "1993-05-13",
          "jerseyNumber": 9,
          "name": "Romelu Lukaku",
          "nationality": "Belgium",
          "position": "Centre-Forward",
        },
        Object {
          "contractUntil": "2019-06-30",
          "dateOfBirth": "1990-11-07",
          "jerseyNumber": 1,
          "name": "David de Gea",
          "nationality": "Spain",
          "position": "Keeper",
        },
      ]
    }
  />,
  Symbol(enzyme.__renderer__): Object {
    "batchedUpdates": [Function],
    "checkPropTypes": [Function],
    "getNode": [Function],
    "render": [Function],
    "simulateError": [Function],
    "simulateEvent": [Function],
    "unmount": [Function],
  },
  Symbol(enzyme.__node__): Object {
    "instance": null,
    "key": undefined,
    "nodeType": "class",
    "props": Object {
      "children": Array [
        <WithStyles(TableHead)>
          <WithStyles(TableRow)>
            <WithStyles(TableCell)>
              Player
            </WithStyles(TableCell)>
            <WithStyles(TableCell)>
              Position
            </WithStyles(TableCell)>
            <WithStyles(TableCell)>
              Age
            </WithStyles(TableCell)>
          </WithStyles(TableRow)>
        </WithStyles(TableHead)>,
        <WithStyles(TableBody)>
          <WithStyles(TableRow)
            className="PlayersTable--row"
          >
            <WithStyles(TableCell)>
              Romelu Lukaku
            </WithStyles(TableCell)>
            <WithStyles(TableCell)>
              Centre-Forward
            </WithStyles(TableCell)>
            <WithStyles(TableCell) />
          </WithStyles(TableRow)>
          <WithStyles(TableRow)
            className="PlayersTable--row"
          >
            <WithStyles(TableCell)>
              David de Gea
            </WithStyles(TableCell)>
            <WithStyles(TableCell)>
              Keeper
            </WithStyles(TableCell)>
            <WithStyles(TableCell) />
          </WithStyles(TableRow)>
        </WithStyles(TableBody)>,
      ],
    },
    "ref": null,
    "rendered": Array [
      Object {
        "instance": null,
        "key": undefined,
        "nodeType": "class",
        "props": Object {
          "children": <WithStyles(TableRow)>
            <WithStyles(TableCell)>
              Player
            </WithStyles(TableCell)>
            <WithStyles(TableCell)>
              Position
            </WithStyles(TableCell)>
            <WithStyles(TableCell)>
              Age
            </WithStyles(TableCell)>
          </WithStyles(TableRow)>,
        },
        "ref": null,
        "rendered": Object {
          "instance": null,
          "key": undefined,
          "nodeType": "class",
          "props": Object {
            "children": Array [
              <WithStyles(TableCell)>
                Player
              </WithStyles(TableCell)>,
              <WithStyles(TableCell)>
                Position
              </WithStyles(TableCell)>,
              <WithStyles(TableCell)>
                Age
              </WithStyles(TableCell)>,
            ],
          },
          "ref": null,
          "rendered": Array [
            Object {
              "instance": null,
              "key": undefined,
              "nodeType": "class",
              "props": Object {
                "children": "Player",
              },
              "ref": null,
              "rendered": "Player",
              "type": [Function],
            },
            Object {
              "instance": null,
              "key": undefined,
              "nodeType": "class",
              "props": Object {
                "children": "Position",
              },
              "ref": null,
              "rendered": "Position",
              "type": [Function],
            },
            Object {
              "instance": null,
              "key": undefined,
              "nodeType": "class",
              "props": Object {
                "children": "Age",
              },
              "ref": null,
              "rendered": "Age",
              "type": [Function],
            },
          ],
          "type": [Function],
        },
        "type": [Function],
      },
      Object {
        "instance": null,
        "key": undefined,
        "nodeType": "class",
        "props": Object {
          "children": Array [
            <WithStyles(TableRow)
              className="PlayersTable--row"
            >
              <WithStyles(TableCell)>
                Romelu Lukaku
              </WithStyles(TableCell)>
              <WithStyles(TableCell)>
                Centre-Forward
              </WithStyles(TableCell)>
              <WithStyles(TableCell) />
            </WithStyles(TableRow)>,
            <WithStyles(TableRow)
              className="PlayersTable--row"
            >
              <WithStyles(TableCell)>
                David de Gea
              </WithStyles(TableCell)>
              <WithStyles(TableCell)>
                Keeper
              </WithStyles(TableCell)>
              <WithStyles(TableCell) />
            </WithStyles(TableRow)>,
          ],
        },
        "ref": null,
        "rendered": Array [
          Object {
            "instance": null,
            "key": "Romelu LukakuCentre-Forward",
            "nodeType": "class",
            "props": Object {
              "children": Array [
                <WithStyles(TableCell)>
                  Romelu Lukaku
                </WithStyles(TableCell)>,
                <WithStyles(TableCell)>
                  Centre-Forward
                </WithStyles(TableCell)>,
                <WithStyles(TableCell) />,
              ],
              "className": "PlayersTable--row",
            },
            "ref": null,
            "rendered": Array [
              Object {
                "instance": null,
                "key": undefined,
                "nodeType": "class",
                "props": Object {
                  "children": "Romelu Lukaku",
                },
                "ref": null,
                "rendered": "Romelu Lukaku",
                "type": [Function],
              },
              Object {
                "instance": null,
                "key": undefined,
                "nodeType": "class",
                "props": Object {
                  "children": "Centre-Forward",
                },
                "ref": null,
                "rendered": "Centre-Forward",
                "type": [Function],
              },
              Object {
                "instance": null,
                "key": undefined,
                "nodeType": "class",
                "props": Object {
                  "children": undefined,
                },
                "ref": null,
                "rendered": null,
                "type": [Function],
              },
            ],
            "type": [Function],
          },
          Object {
            "instance": null,
            "key": "David de GeaKeeper",
            "nodeType": "class",
            "props": Object {
              "children": Array [
                <WithStyles(TableCell)>
                  David de Gea
                </WithStyles(TableCell)>,
                <WithStyles(TableCell)>
                  Keeper
                </WithStyles(TableCell)>,
                <WithStyles(TableCell) />,
              ],
              "className": "PlayersTable--row",
            },
            "ref": null,
            "rendered": Array [
              Object {
                "instance": null,
                "key": undefined,
                "nodeType": "class",
                "props": Object {
                  "children": "David de Gea",
                },
                "ref": null,
                "rendered": "David de Gea",
                "type": [Function],
              },
              Object {
                "instance": null,
                "key": undefined,
                "nodeType": "class",
                "props": Object {
                  "children": "Keeper",
                },
                "ref": null,
                "rendered": "Keeper",
                "type": [Function],
              },
              Object {
                "instance": null,
                "key": undefined,
                "nodeType": "class",
                "props": Object {
                  "children": undefined,
                },
                "ref": null,
                "rendered": null,
                "type": [Function],
              },
            ],
            "type": [Function],
          },
        ],
        "type": [Function],
      },
    ],
    "type": [Function],
  },
  Symbol(enzyme.__nodes__): Array [
    Object {
      "instance": null,
      "key": undefined,
      "nodeType": "class",
      "props": Object {
        "children": Array [
          <WithStyles(TableHead)>
            <WithStyles(TableRow)>
              <WithStyles(TableCell)>
                Player
              </WithStyles(TableCell)>
              <WithStyles(TableCell)>
                Position
              </WithStyles(TableCell)>
              <WithStyles(TableCell)>
                Age
              </WithStyles(TableCell)>
            </WithStyles(TableRow)>
          </WithStyles(TableHead)>,
          <WithStyles(TableBody)>
            <WithStyles(TableRow)
              className="PlayersTable--row"
            >
              <WithStyles(TableCell)>
                Romelu Lukaku
              </WithStyles(TableCell)>
              <WithStyles(TableCell)>
                Centre-Forward
              </WithStyles(TableCell)>
              <WithStyles(TableCell) />
            </WithStyles(TableRow)>
            <WithStyles(TableRow)
              className="PlayersTable--row"
            >
              <WithStyles(TableCell)>
                David de Gea
              </WithStyles(TableCell)>
              <WithStyles(TableCell)>
                Keeper
              </WithStyles(TableCell)>
              <WithStyles(TableCell) />
            </WithStyles(TableRow)>
          </WithStyles(TableBody)>,
        ],
      },
      "ref": null,
      "rendered": Array [
        Object {
          "instance": null,
          "key": undefined,
          "nodeType": "class",
          "props": Object {
            "children": <WithStyles(TableRow)>
              <WithStyles(TableCell)>
                Player
              </WithStyles(TableCell)>
              <WithStyles(TableCell)>
                Position
              </WithStyles(TableCell)>
              <WithStyles(TableCell)>
                Age
              </WithStyles(TableCell)>
            </WithStyles(TableRow)>,
          },
          "ref": null,
          "rendered": Object {
            "instance": null,
            "key": undefined,
            "nodeType": "class",
            "props": Object {
              "children": Array [
                <WithStyles(TableCell)>
                  Player
                </WithStyles(TableCell)>,
                <WithStyles(TableCell)>
                  Position
                </WithStyles(TableCell)>,
                <WithStyles(TableCell)>
                  Age
                </WithStyles(TableCell)>,
              ],
            },
            "ref": null,
            "rendered": Array [
              Object {
                "instance": null,
                "key": undefined,
                "nodeType": "class",
                "props": Object {
                  "children": "Player",
                },
                "ref": null,
                "rendered": "Player",
                "type": [Function],
              },
              Object {
                "instance": null,
                "key": undefined,
                "nodeType": "class",
                "props": Object {
                  "children": "Position",
                },
                "ref": null,
                "rendered": "Position",
                "type": [Function],
              },
              Object {
                "instance": null,
                "key": undefined,
                "nodeType": "class",
                "props": Object {
                  "children": "Age",
                },
                "ref": null,
                "rendered": "Age",
                "type": [Function],
              },
            ],
            "type": [Function],
          },
          "type": [Function],
        },
        Object {
          "instance": null,
          "key": undefined,
          "nodeType": "class",
          "props": Object {
            "children": Array [
              <WithStyles(TableRow)
                className="PlayersTable--row"
              >
                <WithStyles(TableCell)>
                  Romelu Lukaku
                </WithStyles(TableCell)>
                <WithStyles(TableCell)>
                  Centre-Forward
                </WithStyles(TableCell)>
                <WithStyles(TableCell) />
              </WithStyles(TableRow)>,
              <WithStyles(TableRow)
                className="PlayersTable--row"
              >
                <WithStyles(TableCell)>
                  David de Gea
                </WithStyles(TableCell)>
                <WithStyles(TableCell)>
                  Keeper
                </WithStyles(TableCell)>
                <WithStyles(TableCell) />
              </WithStyles(TableRow)>,
            ],
          },
          "ref": null,
          "rendered": Array [
            Object {
              "instance": null,
              "key": "Romelu LukakuCentre-Forward",
              "nodeType": "class",
              "props": Object {
                "children": Array [
                  <WithStyles(TableCell)>
                    Romelu Lukaku
                  </WithStyles(TableCell)>,
                  <WithStyles(TableCell)>
                    Centre-Forward
                  </WithStyles(TableCell)>,
                  <WithStyles(TableCell) />,
                ],
                "className": "PlayersTable--row",
              },
              "ref": null,
              "rendered": Array [
                Object {
                  "instance": null,
                  "key": undefined,
                  "nodeType": "class",
                  "props": Object {
                    "children": "Romelu Lukaku",
                  },
                  "ref": null,
                  "rendered": "Romelu Lukaku",
                  "type": [Function],
                },
                Object {
                  "instance": null,
                  "key": undefined,
                  "nodeType": "class",
                  "props": Object {
                    "children": "Centre-Forward",
                  },
                  "ref": null,
                  "rendered": "Centre-Forward",
                  "type": [Function],
                },
                Object {
                  "instance": null,
                  "key": undefined,
                  "nodeType": "class",
                  "props": Object {
                    "children": undefined,
                  },
                  "ref": null,
                  "rendered": null,
                  "type": [Function],
                },
              ],
              "type": [Function],
            },
            Object {
              "instance": null,
              "key": "David de GeaKeeper",
              "nodeType": "class",
              "props": Object {
                "children": Array [
                  <WithStyles(TableCell)>
                    David de Gea
                  </WithStyles(TableCell)>,
                  <WithStyles(TableCell)>
                    Keeper
                  </WithStyles(TableCell)>,
                  <WithStyles(TableCell) />,
                ],
                "className": "PlayersTable--row",
              },
              "ref": null,
              "rendered": Array [
                Object {
                  "instance": null,
                  "key": undefined,
                  "nodeType": "class",
                  "props": Object {
                    "children": "David de Gea",
                  },
                  "ref": null,
                  "rendered": "David de Gea",
                  "type": [Function],
                },
                Object {
                  "instance": null,
                  "key": undefined,
                  "nodeType": "class",
                  "props": Object {
                    "children": "Keeper",
                  },
                  "ref": null,
                  "rendered": "Keeper",
                  "type": [Function],
                },
                Object {
                  "instance": null,
                  "key": undefined,
                  "nodeType": "class",
                  "props": Object {
                    "children": undefined,
                  },
                  "ref": null,
                  "rendered": null,
                  "type": [Function],
                },
              ],
              "type": [Function],
            },
          ],
          "type": [Function],
        },
      ],
      "type": [Function],
    },
  ],
  Symbol(enzyme.__options__): Object {
    "adapter": ReactSixteenAdapter {
      "options": Object {
        "enableComponentDidUpdateOnSetState": true,
        "legacyContextMode": "parent",
        "lifecycles": Object {
          "componentDidUpdate": Object {
            "onSetState": true,
          },
          "getChildContext": Object {
            "calledByRenderer": false,
          },
          "getDerivedStateFromProps": Object {
            "hasShouldComponentUpdateBug": false,
          },
          "getSnapshotBeforeUpdate": true,
          "setState": Object {
            "skipsComponentDidUpdateOnNullish": true,
          },
        },
      },
    },
  },
}
`;
